System.Exception: Exception of type 'System.Exception' was thrown.